f(x) {
L100:
  goto L101
L101:
  goto L103
L103:
  ret ((x + 5) + 3)
}

